==================================================
  智能分办推荐算法 - 独立验证测试 (Python版)
==================================================

【测试1】中文分词验证
  标题: 关于加强财政预算绩效管理的通知
  分词结果: ['管理', '绩效', '财政', '预算']
  结果: [PASS]
  关键词: 财政,预算,绩效
  分词结果: ['绩效', '财政', '预算']

【测试2】Jaccard相似度验证
  '关于加强财政预算绩效管理的通知' vs '关于加强财政预算管理工作的通知' = 0.750
  '关于加强财政预算绩效管理的通知' vs '关于推进财政信息化建设的通知' = 0.167
  '关于加强财政预算绩效管理的通知' vs '关于深化预算管理制度改革的批复' = 0.400
  结果: [FAIL]

【测试3】完整推荐场景（基于历史测试数据）
  目标公文: 关于加强财政预算绩效管理的通知
  目标文种: 通知
  目标关键词: 财政,预算,绩效
  历史数据: 11 条
  先按文种'通知'过滤: 11 → 8 条

  --- 推荐结果 ---
  #1 部门: 财政审计科 (id=1002) | 匹配度: 0.67 (较高匹配) | 历史6次 | 最近: 2025-04-30 10:00
      原因: 历史办理 6 次同类公文；最近办理：1 年多前；匹配维度：标题、文种、关键词；综合相似度50%，频率占比100%
  #2 部门: 政策法规科 (id=1003) | 匹配度: 0.23 (一般匹配) | 历史1次 | 最近: 2025-01-30 10:00
      原因: 历史办理 1 次同类公文；最近办理：1 年多前；匹配维度：标题、文种、关键词；综合相似度43%，频率占比17%
  #3 部门: 信息技术科 (id=1005) | 匹配度: 0.23 (一般匹配) | 历史1次 | 最近: 2025-05-30 10:00
      原因: 历史办理 1 次同类公文；最近办理：1 年多前；匹配维度：标题、文种、关键词；综合相似度43%，频率占比17%

  结果: [PASS] (财政审计科排名第一，符合预期)
  排序验证: [PASS] (按匹配度降序)

【测试4】表单填充验证
  先按文种'通知'过滤: 11 → 8 条
  模拟前端「一键采纳」操作...
  填入 targetDeptId = '1002'
  填入 targetDeptName = '财政审计科'
  匹配度 = 0.67 (较高匹配)
  结果: [PASS] (表单字段可正确填充)

==================================================
  全部测试完成
==================================================
